../Core/Src/main.c:64:6:delay	16	static
../Core/Src/main.c:70:6:Display_Temp	40	static
../Core/Src/main.c:80:6:Display_Rh	40	static
../Core/Src/main.c:97:6:Set_Pin_Output	40	static
../Core/Src/main.c:106:6:Set_Pin_Input	40	static
../Core/Src/main.c:120:6:DHT11_Start	8	static
../Core/Src/main.c:130:9:DHT11_Check_Response	16	static
../Core/Src/main.c:151:9:DHT11_Read	16	static
../Core/Src/main.c:174:5:main	8	static
../Core/Src/main.c:246:6:SystemClock_Config	88	static
../Core/Src/main.c:292:13:MX_I2C1_Init	8	static
../Core/Src/main.c:326:13:MX_TIM6_Init	16	static
../Core/Src/main.c:364:13:MX_GPIO_Init	40	static
../Core/Src/main.c:393:6:Error_Handler	4	static,ignoring_inline_asm
